testing testing more testing